#! /usr/local/bin/vvp
:ivl_version "12.0 (stable)";
:ivl_delay_selection "TYPICAL";
:vpi_time_precision + 0;
:vpi_module "/usr/local/lib/ivl/system.vpi";
:vpi_module "/usr/local/lib/ivl/vhdl_sys.vpi";
:vpi_module "/usr/local/lib/ivl/vhdl_textio.vpi";
:vpi_module "/usr/local/lib/ivl/v2005_math.vpi";
:vpi_module "/usr/local/lib/ivl/va_math.vpi";
:vpi_module "/usr/local/lib/ivl/v2009.vpi";
S_0x18ccc080 .scope package, "$unit" "$unit" 2 1;
 .timescale 0 0;
S_0x18ccc210 .scope module, "tb_elevator" "tb_elevator" 3 1;
 .timescale 0 0;
v0x18cf3350_0 .var "clk", 0 0;
v0x18cf3410_0 .var "close", 0 0;
v0x18cf34e0_0 .net "closing", 0 0, v0x18cf2610_0;  1 drivers
v0x18cf35e0_0 .net "currentfloor", 1 0, v0x18cf26e0_0;  1 drivers
v0x18cf36b0_0 .var "floor_sensor", 0 0;
v0x18cf3750_0 .net "motordown", 0 0, v0x18cf28d0_0;  1 drivers
v0x18cf3820_0 .net "motorup", 0 0, v0x18cf2990_0;  1 drivers
v0x18cf38f0_0 .var "obstacle", 0 0;
v0x18cf39c0_0 .var "open", 0 0;
v0x18cf3b20_0 .net "opening", 0 0, v0x18cf2d40_0;  1 drivers
v0x18cf3bf0_0 .var "overload", 0 0;
v0x18cf3cc0_0 .var "req", 1 0;
v0x18cf3d90_0 .var "rst", 0 0;
S_0x18c9e580 .scope module, "uut" "elevator" 3 13, 4 2 0, S_0x18ccc210;
 .timescale 0 0;
    .port_info 0 /INPUT 2 "req";
    .port_info 1 /OUTPUT 2 "currentfloor";
    .port_info 2 /INPUT 1 "clk";
    .port_info 3 /INPUT 1 "open";
    .port_info 4 /INPUT 1 "rst";
    .port_info 5 /INPUT 1 "close";
    .port_info 6 /INPUT 1 "floor_sensor";
    .port_info 7 /OUTPUT 1 "motorup";
    .port_info 8 /OUTPUT 1 "motordown";
    .port_info 9 /OUTPUT 1 "opening";
    .port_info 10 /OUTPUT 1 "closing";
    .port_info 11 /INPUT 1 "obstacle";
    .port_info 12 /INPUT 1 "overload";
P_0x18c9e710 .param/l "door" 0 4 12, +C4<00000000000000000000000000000011>;
P_0x18c9e750 .param/l "idle" 0 4 9, +C4<00000000000000000000000000000000>;
P_0x18c9e790 .param/l "movingdown" 0 4 11, +C4<00000000000000000000000000000010>;
P_0x18c9e7d0 .param/l "movingup" 0 4 10, +C4<00000000000000000000000000000001>;
v0x18cc4270_0 .net "clk", 0 0, v0x18cf3350_0;  1 drivers
v0x18cf2550_0 .net "close", 0 0, v0x18cf3410_0;  1 drivers
v0x18cf2610_0 .var "closing", 0 0;
v0x18cf26e0_0 .var "currentfloor", 1 0;
v0x18cf27c0_0 .net "floor_sensor", 0 0, v0x18cf36b0_0;  1 drivers
v0x18cf28d0_0 .var "motordown", 0 0;
v0x18cf2990_0 .var "motorup", 0 0;
v0x18cf2a50_0 .var "next_state", 1 0;
v0x18cf2b30_0 .net "obstacle", 0 0, v0x18cf38f0_0;  1 drivers
v0x18cf2c80_0 .net "open", 0 0, v0x18cf39c0_0;  1 drivers
v0x18cf2d40_0 .var "opening", 0 0;
v0x18cf2e00_0 .net "overload", 0 0, v0x18cf3bf0_0;  1 drivers
v0x18cf2ec0_0 .net "req", 1 0, v0x18cf3cc0_0;  1 drivers
v0x18cf2fa0_0 .net "rst", 0 0, v0x18cf3d90_0;  1 drivers
v0x18cf3060_0 .var "state", 1 0;
E_0x18c8d390/0 .event anyedge, v0x18cf3060_0, v0x18cf2e00_0, v0x18cf2c80_0, v0x18cf2ec0_0;
E_0x18c8d390/1 .event anyedge, v0x18cf26e0_0, v0x18cf2550_0, v0x18cf2b30_0;
E_0x18c8d390 .event/or E_0x18c8d390/0, E_0x18c8d390/1;
E_0x18ccd7f0 .event posedge, v0x18cc4270_0;
    .scope S_0x18c9e580;
T_0 ;
    %wait E_0x18ccd7f0;
    %load/vec4 v0x18cf2fa0_0;
    %flag_set/vec4 8;
    %jmp/0xz  T_0.0, 8;
    %pushi/vec4 0, 0, 2;
    %assign/vec4 v0x18cf3060_0, 0;
    %pushi/vec4 0, 0, 2;
    %assign/vec4 v0x18cf26e0_0, 0;
    %jmp T_0.1;
T_0.0 ;
    %load/vec4 v0x18cf2a50_0;
    %assign/vec4 v0x18cf3060_0, 0;
    %load/vec4 v0x18cf27c0_0;
    %flag_set/vec4 8;
    %jmp/0xz  T_0.2, 8;
    %load/vec4 v0x18cf2990_0;
    %load/vec4 v0x18cf2ec0_0;
    %load/vec4 v0x18cf26e0_0;
    %cmp/ne;
    %flag_get/vec4 4;
    %and;
    %flag_set/vec4 8;
    %jmp/0xz  T_0.4, 8;
    %load/vec4 v0x18cf26e0_0;
    %addi 1, 0, 2;
    %assign/vec4 v0x18cf26e0_0, 0;
    %jmp T_0.5;
T_0.4 ;
    %load/vec4 v0x18cf2ec0_0;
    %load/vec4 v0x18cf26e0_0;
    %cmp/e;
    %jmp/0xz  T_0.6, 4;
    %load/vec4 v0x18cf26e0_0;
    %assign/vec4 v0x18cf26e0_0, 0;
    %jmp T_0.7;
T_0.6 ;
    %load/vec4 v0x18cf28d0_0;
    %load/vec4 v0x18cf2ec0_0;
    %load/vec4 v0x18cf26e0_0;
    %cmp/ne;
    %flag_get/vec4 4;
    %and;
    %flag_set/vec4 8;
    %jmp/0xz  T_0.8, 8;
    %load/vec4 v0x18cf26e0_0;
    %subi 1, 0, 2;
    %assign/vec4 v0x18cf26e0_0, 0;
T_0.8 ;
T_0.7 ;
T_0.5 ;
T_0.2 ;
T_0.1 ;
    %jmp T_0;
    .thread T_0;
    .scope S_0x18c9e580;
T_1 ;
    %wait E_0x18c8d390;
    %pushi/vec4 0, 0, 1;
    %store/vec4 v0x18cf2990_0, 0, 1;
    %pushi/vec4 0, 0, 1;
    %store/vec4 v0x18cf28d0_0, 0, 1;
    %pushi/vec4 0, 0, 1;
    %store/vec4 v0x18cf2d40_0, 0, 1;
    %pushi/vec4 0, 0, 1;
    %store/vec4 v0x18cf2610_0, 0, 1;
    %load/vec4 v0x18cf3060_0;
    %store/vec4 v0x18cf2a50_0, 0, 2;
    %load/vec4 v0x18cf2e00_0;
    %flag_set/vec4 8;
    %jmp/0xz  T_1.0, 8;
    %pushi/vec4 3, 0, 2;
    %store/vec4 v0x18cf2a50_0, 0, 2;
    %load/vec4 v0x18cf2c80_0;
    %nor/r;
    %flag_set/vec4 8;
    %jmp/0xz  T_1.2, 8;
    %pushi/vec4 1, 0, 1;
    %store/vec4 v0x18cf2d40_0, 0, 1;
T_1.2 ;
    %jmp T_1.1;
T_1.0 ;
    %load/vec4 v0x18cf3060_0;
    %dup/vec4;
    %pushi/vec4 0, 0, 2;
    %cmp/u;
    %jmp/1 T_1.4, 6;
    %dup/vec4;
    %pushi/vec4 1, 0, 2;
    %cmp/u;
    %jmp/1 T_1.5, 6;
    %dup/vec4;
    %pushi/vec4 2, 0, 2;
    %cmp/u;
    %jmp/1 T_1.6, 6;
    %dup/vec4;
    %pushi/vec4 3, 0, 2;
    %cmp/u;
    %jmp/1 T_1.7, 6;
    %pushi/vec4 0, 0, 2;
    %store/vec4 v0x18cf2a50_0, 0, 2;
    %jmp T_1.9;
T_1.4 ;
    %load/vec4 v0x18cf26e0_0;
    %load/vec4 v0x18cf2ec0_0;
    %cmp/u;
    %jmp/0xz  T_1.10, 5;
    %pushi/vec4 1, 0, 2;
    %store/vec4 v0x18cf2a50_0, 0, 2;
    %pushi/vec4 1, 0, 1;
    %store/vec4 v0x18cf2990_0, 0, 1;
    %jmp T_1.11;
T_1.10 ;
    %load/vec4 v0x18cf2ec0_0;
    %load/vec4 v0x18cf26e0_0;
    %cmp/u;
    %jmp/0xz  T_1.12, 5;
    %pushi/vec4 2, 0, 2;
    %store/vec4 v0x18cf2a50_0, 0, 2;
    %pushi/vec4 1, 0, 1;
    %store/vec4 v0x18cf28d0_0, 0, 1;
    %jmp T_1.13;
T_1.12 ;
    %pushi/vec4 3, 0, 2;
    %store/vec4 v0x18cf2a50_0, 0, 2;
T_1.13 ;
T_1.11 ;
    %jmp T_1.9;
T_1.5 ;
    %load/vec4 v0x18cf26e0_0;
    %load/vec4 v0x18cf2ec0_0;
    %cmp/u;
    %jmp/0xz  T_1.14, 5;
    %pushi/vec4 1, 0, 2;
    %store/vec4 v0x18cf2a50_0, 0, 2;
    %pushi/vec4 1, 0, 1;
    %store/vec4 v0x18cf2990_0, 0, 1;
    %jmp T_1.15;
T_1.14 ;
    %pushi/vec4 3, 0, 2;
    %store/vec4 v0x18cf2a50_0, 0, 2;
T_1.15 ;
    %jmp T_1.9;
T_1.6 ;
    %load/vec4 v0x18cf2ec0_0;
    %load/vec4 v0x18cf26e0_0;
    %cmp/u;
    %jmp/0xz  T_1.16, 5;
    %pushi/vec4 2, 0, 2;
    %store/vec4 v0x18cf2a50_0, 0, 2;
    %pushi/vec4 1, 0, 1;
    %store/vec4 v0x18cf28d0_0, 0, 1;
    %jmp T_1.17;
T_1.16 ;
    %pushi/vec4 3, 0, 2;
    %store/vec4 v0x18cf2a50_0, 0, 2;
T_1.17 ;
    %jmp T_1.9;
T_1.7 ;
    %pushi/vec4 1, 0, 1;
    %store/vec4 v0x18cf2d40_0, 0, 1;
    %load/vec4 v0x18cf2c80_0;
    %nor/r;
    %flag_set/vec4 8;
    %jmp/0xz  T_1.18, 8;
    %pushi/vec4 3, 0, 2;
    %store/vec4 v0x18cf2a50_0, 0, 2;
    %jmp T_1.19;
T_1.18 ;
    %load/vec4 v0x18cf2550_0;
    %nor/r;
    %flag_set/vec4 8;
    %jmp/0xz  T_1.20, 8;
    %load/vec4 v0x18cf2b30_0;
    %flag_set/vec4 8;
    %jmp/0xz  T_1.22, 8;
    %pushi/vec4 3, 0, 2;
    %store/vec4 v0x18cf2a50_0, 0, 2;
    %jmp T_1.23;
T_1.22 ;
    %pushi/vec4 0, 0, 1;
    %store/vec4 v0x18cf2d40_0, 0, 1;
    %pushi/vec4 1, 0, 1;
    %store/vec4 v0x18cf2610_0, 0, 1;
    %pushi/vec4 3, 0, 2;
    %store/vec4 v0x18cf2a50_0, 0, 2;
T_1.23 ;
    %jmp T_1.21;
T_1.20 ;
    %pushi/vec4 0, 0, 2;
    %store/vec4 v0x18cf2a50_0, 0, 2;
T_1.21 ;
T_1.19 ;
    %jmp T_1.9;
T_1.9 ;
    %pop/vec4 1;
T_1.1 ;
    %jmp T_1;
    .thread T_1, $push;
    .scope S_0x18ccc210;
T_2 ;
    %delay 5, 0;
    %load/vec4 v0x18cf3350_0;
    %inv;
    %store/vec4 v0x18cf3350_0, 0, 1;
    %jmp T_2;
    .thread T_2;
    .scope S_0x18ccc210;
T_3 ;
    %vpi_call/w 3 33 "$dumpfile", "dump.vcd" {0 0 0};
    %vpi_call/w 3 34 "$dumpvars", 32'sb00000000000000000000000000000000, S_0x18ccc210 {0 0 0};
    %pushi/vec4 0, 0, 1;
    %store/vec4 v0x18cf3350_0, 0, 1;
    %pushi/vec4 1, 0, 1;
    %store/vec4 v0x18cf3d90_0, 0, 1;
    %pushi/vec4 2, 0, 2;
    %store/vec4 v0x18cf3cc0_0, 0, 2;
    %pushi/vec4 0, 0, 1;
    %store/vec4 v0x18cf39c0_0, 0, 1;
    %pushi/vec4 1, 0, 1;
    %store/vec4 v0x18cf3410_0, 0, 1;
    %pushi/vec4 0, 0, 1;
    %store/vec4 v0x18cf36b0_0, 0, 1;
    %pushi/vec4 0, 0, 1;
    %store/vec4 v0x18cf38f0_0, 0, 1;
    %pushi/vec4 0, 0, 1;
    %store/vec4 v0x18cf3bf0_0, 0, 1;
    %delay 15, 0;
    %pushi/vec4 0, 0, 1;
    %store/vec4 v0x18cf3d90_0, 0, 1;
    %vpi_call/w 3 48 "$display", "--- Test 1: Moving UP to Floor 2 ---" {0 0 0};
    %delay 20, 0;
    %pushi/vec4 1, 0, 1;
    %store/vec4 v0x18cf36b0_0, 0, 1;
    %delay 10, 0;
    %pushi/vec4 0, 0, 1;
    %store/vec4 v0x18cf36b0_0, 0, 1;
    %delay 20, 0;
    %pushi/vec4 1, 0, 1;
    %store/vec4 v0x18cf36b0_0, 0, 1;
    %delay 10, 0;
    %pushi/vec4 0, 0, 1;
    %store/vec4 v0x18cf36b0_0, 0, 1;
    %delay 20, 0;
    %pushi/vec4 1, 0, 1;
    %store/vec4 v0x18cf39c0_0, 0, 1;
    %pushi/vec4 0, 0, 1;
    %store/vec4 v0x18cf3410_0, 0, 1;
    %delay 20, 0;
    %pushi/vec4 1, 0, 1;
    %store/vec4 v0x18cf39c0_0, 0, 1;
    %pushi/vec4 1, 0, 1;
    %store/vec4 v0x18cf3410_0, 0, 1;
    %delay 10, 0;
    %pushi/vec4 0, 0, 1;
    %store/vec4 v0x18cf39c0_0, 0, 1;
    %pushi/vec4 1, 0, 1;
    %store/vec4 v0x18cf3410_0, 0, 1;
    %vpi_call/w 3 65 "$display", "--- Test 2: Moving DOWN to Floor 0 ---" {0 0 0};
    %delay 10, 0;
    %pushi/vec4 0, 0, 2;
    %store/vec4 v0x18cf3cc0_0, 0, 2;
    %delay 20, 0;
    %pushi/vec4 1, 0, 1;
    %store/vec4 v0x18cf36b0_0, 0, 1;
    %delay 10, 0;
    %pushi/vec4 0, 0, 1;
    %store/vec4 v0x18cf36b0_0, 0, 1;
    %delay 20, 0;
    %pushi/vec4 1, 0, 1;
    %store/vec4 v0x18cf36b0_0, 0, 1;
    %delay 10, 0;
    %pushi/vec4 0, 0, 1;
    %store/vec4 v0x18cf36b0_0, 0, 1;
    %delay 20, 0;
    %pushi/vec4 1, 0, 1;
    %store/vec4 v0x18cf39c0_0, 0, 1;
    %pushi/vec4 0, 0, 1;
    %store/vec4 v0x18cf3410_0, 0, 1;
    %delay 20, 0;
    %pushi/vec4 1, 0, 1;
    %store/vec4 v0x18cf39c0_0, 0, 1;
    %pushi/vec4 1, 0, 1;
    %store/vec4 v0x18cf3410_0, 0, 1;
    %delay 10, 0;
    %pushi/vec4 0, 0, 1;
    %store/vec4 v0x18cf39c0_0, 0, 1;
    %pushi/vec4 1, 0, 1;
    %store/vec4 v0x18cf3410_0, 0, 1;
    %vpi_call/w 3 79 "$display", "--- Test 3: Obstacle Detection ---" {0 0 0};
    %delay 10, 0;
    %pushi/vec4 1, 0, 2;
    %store/vec4 v0x18cf3cc0_0, 0, 2;
    %delay 20, 0;
    %pushi/vec4 1, 0, 1;
    %store/vec4 v0x18cf36b0_0, 0, 1;
    %delay 10, 0;
    %pushi/vec4 0, 0, 1;
    %store/vec4 v0x18cf36b0_0, 0, 1;
    %delay 20, 0;
    %pushi/vec4 1, 0, 1;
    %store/vec4 v0x18cf39c0_0, 0, 1;
    %pushi/vec4 0, 0, 1;
    %store/vec4 v0x18cf3410_0, 0, 1;
    %delay 10, 0;
    %pushi/vec4 1, 0, 1;
    %store/vec4 v0x18cf38f0_0, 0, 1;
    %delay 20, 0;
    %pushi/vec4 0, 0, 1;
    %store/vec4 v0x18cf38f0_0, 0, 1;
    %delay 20, 0;
    %pushi/vec4 1, 0, 1;
    %store/vec4 v0x18cf39c0_0, 0, 1;
    %pushi/vec4 1, 0, 1;
    %store/vec4 v0x18cf3410_0, 0, 1;
    %delay 10, 0;
    %pushi/vec4 0, 0, 1;
    %store/vec4 v0x18cf39c0_0, 0, 1;
    %pushi/vec4 1, 0, 1;
    %store/vec4 v0x18cf3410_0, 0, 1;
    %vpi_call/w 3 93 "$display", "--- Test 4: Overload ---" {0 0 0};
    %delay 20, 0;
    %pushi/vec4 1, 0, 1;
    %store/vec4 v0x18cf3bf0_0, 0, 1;
    %delay 40, 0;
    %pushi/vec4 0, 0, 1;
    %store/vec4 v0x18cf3bf0_0, 0, 1;
    %delay 20, 0;
    %pushi/vec4 1, 0, 1;
    %store/vec4 v0x18cf39c0_0, 0, 1;
    %pushi/vec4 0, 0, 1;
    %store/vec4 v0x18cf3410_0, 0, 1;
    %delay 20, 0;
    %pushi/vec4 1, 0, 1;
    %store/vec4 v0x18cf39c0_0, 0, 1;
    %pushi/vec4 1, 0, 1;
    %store/vec4 v0x18cf3410_0, 0, 1;
    %delay 10, 0;
    %pushi/vec4 0, 0, 1;
    %store/vec4 v0x18cf39c0_0, 0, 1;
    %pushi/vec4 1, 0, 1;
    %store/vec4 v0x18cf3410_0, 0, 1;
    %delay 40, 0;
    %vpi_call/w 3 102 "$display", "--- Simulation Complete! ---" {0 0 0};
    %vpi_call/w 3 103 "$finish" {0 0 0};
    %end;
    .thread T_3;
    .scope S_0x18ccc210;
T_4 ;
    %vpi_call/w 3 108 "$monitor", "Time=%3t | Req=%0d CurrFlr=%0d | Motor(U=%b,D=%b) | Door(Opn=%b,Cls=%b) | State=%0d", $time, v0x18cf3cc0_0, v0x18cf35e0_0, v0x18cf3820_0, v0x18cf3750_0, v0x18cf3b20_0, v0x18cf34e0_0, v0x18cf3060_0 {0 0 0};
    %end;
    .thread T_4;
# The file index is used to find the file name in the following table.
:file_names 5;
    "N/A";
    "<interactive>";
    "-";
    "testbench.sv";
    "design.sv";
